[2m11:32:16 am[22m [33m[1m[vite][22m[39m [33m[2m(client)[22m[39m [2m[console.warn] [22mYouTube quota/rate limit on key #1.
[2m11:32:16 am[22m [33m[1m[vite][22m[39m [33m[2m(client)[22m[39m [2m[console.warn] [22mSwitching to YouTube key #2.
[2m11:32:16 am[22m [33m[1m[vite][22m[39m [33m[2m(client)[22m[39m [2m[console.warn] [22mYouTube quota/rate limit on key #1.
[2m11:32:16 am[22m [33m[1m[vite][22m[39m [33m[2m(client)[22m[39m [2m[console.warn] [22mSwitching to YouTube key #2.
[2m11:32:16 am[22m [33m[1m[vite][22m[39m [33m[2m(client)[22m[39m [2m[console.warn] [22mYouTube quota/rate limit on key #1.
[2m11:32:16 am[22m [33m[1m[vite][22m[39m [33m[2m(client)[22m[39m [2m[console.warn] [22mSwitching to YouTube key #2.
[2m11:32:16 am[22m [33m[1m[vite][22m[39m [33m[2m(client)[22m[39m [2m[console.warn] [22mYouTube quota/rate limit on key #1.
[2m11:32:16 am[22m [33m[1m[vite][22m[39m [33m[2m(client)[22m[39m [2m[console.warn] [22mSwitching to YouTube key #2.
[2m11:32:16 am[22m [33m[1m[vite][22m[39m [33m[2m(client)[22m[39m [2m[console.warn] [22mYouTube quota/rate limit on key #1.
[2m11:32:16 am[22m [33m[1m[vite][22m[39m [33m[2m(client)[22m[39m [2m[console.warn] [22mSwitching to YouTube key #2.
[2m11:32:16 am[22m [33m[1m[vite][22m[39m [33m[2m(client)[22m[39m [2m[console.warn] [22mYouTube quota/rate limit on key #1.
[2m11:32:16 am[22m [33m[1m[vite][22m[39m [33m[2m(client)[22m[39m [2m[console.warn] [22mSwitching to YouTube key #2.
[2m11:32:16 am[22m [33m[1m[vite][22m[39m [33m[2m(client)[22m[39m [2m[console.warn] [22mYouTube quota/rate limit on key #1.
[2m11:32:16 am[22m [33m[1m[vite][22m[39m [33m[2m(client)[22m[39m [2m[console.warn] [22mSwitching to YouTube key #2.
[2m11:32:16 am[22m [33m[1m[vite][22m[39m [33m[2m(client)[22m[39m [2m[console.warn] [22mYouTube quota/rate limit on key #1.
[2m11:32:16 am[22m [33m[1m[vite][22m[39m [33m[2m(client)[22m[39m [2m[console.warn] [22mSwitching to YouTube key #2.
[2m11:32:16 am[22m [33m[1m[vite][22m[39m [33m[2m(client)[22m[39m [2m[console.warn] [22mYouTube quota/rate limit on key #1.
[2m11:32:16 am[22m [33m[1m[vite][22m[39m [33m[2m(client)[22m[39m [2m[console.warn] [22mSwitching to YouTube key #2.
[2m11:46:31 am[22m [33m[1m[vite][22m[39m [33m[2m(client)[22m[39m [2m[console.warn] [22mYouTube quota/rate limit on key #1.
[2m11:46:31 am[22m [33m[1m[vite][22m[39m [33m[2m(client)[22m[39m [2m[console.warn] [22mSwitching to YouTube key #2.
[2m11:46:31 am[22m [33m[1m[vite][22m[39m [33m[2m(client)[22m[39m [2m[console.warn] [22mYouTube quota/rate limit on key #1.
[2m11:46:31 am[22m [33m[1m[vite][22m[39m [33m[2m(client)[22m[39m [2m[console.warn] [22mSwitching to YouTube key #2.
[2m11:46:31 am[22m [33m[1m[vite][22m[39m [33m[2m(client)[22m[39m [2m[console.warn] [22mYouTube quota/rate limit on key #1.
[2m11:46:31 am[22m [33m[1m[vite][22m[39m [33m[2m(client)[22m[39m [2m[console.warn] [22mSwitching to YouTube key #2.
[2m11:46:31 am[22m [33m[1m[vite][22m[39m [33m[2m(client)[22m[39m [2m[console.warn] [22mYouTube quota/rate limit on key #1.
[2m11:46:31 am[22m [33m[1m[vite][22m[39m [33m[2m(client)[22m[39m [2m[console.warn] [22mSwitching to YouTube key #2.
[2m11:46:31 am[22m [33m[1m[vite][22m[39m [33m[2m(client)[22m[39m [2m[console.warn] [22mYouTube quota/rate limit on key #1.
[2m11:46:31 am[22m [33m[1m[vite][22m[39m [33m[2m(client)[22m[39m [2m[console.warn] [22mSwitching to YouTube key #2.
[2m11:46:31 am[22m [33m[1m[vite][22m[39m [33m[2m(client)[22m[39m [2m[console.warn] [22mYouTube quota/rate limit on key #1.
[2m11:46:31 am[22m [33m[1m[vite][22m[39m [33m[2m(client)[22m[39m [2m[console.warn] [22mSwitching to YouTube key #2.
[2m11:46:31 am[22m [33m[1m[vite][22m[39m [33m[2m(client)[22m[39m [2m[console.warn] [22mYouTube quota/rate limit on key #1.
[2m11:46:31 am[22m [33m[1m[vite][22m[39m [33m[2m(client)[22m[39m [2m[console.warn] [22mSwitching to YouTube key #2.
[2m11:46:31 am[22m [33m[1m[vite][22m[39m [33m[2m(client)[22m[39m [2m[console.warn] [22mYouTube quota/rate limit on key #1.
[2m11:46:31 am[22m [33m[1m[vite][22m[39m [33m[2m(client)[22m[39m [2m[console.warn] [22mSwitching to YouTube key #2.
[2m11:46:31 am[22m [33m[1m[vite][22m[39m [33m[2m(client)[22m[39m [2m[console.warn] [22mYouTube quota/rate limit on key #1.
[2m11:46:31 am[22m [33m[1m[vite][22m[39m [33m[2m(client)[22m[39m [2m[console.warn] [22mSwitching to YouTube key #2.
[2m11:46:31 am[22m [33m[1m[vite][22m[39m [33m[2m(client)[22m[39m [2m[console.warn] [22mYouTube quota/rate limit on key #1.
[2m11:46:31 am[22m [33m[1m[vite][22m[39m [33m[2m(client)[22m[39m [2m[console.warn] [22mSwitching to YouTube key #2.
[2m11:46:31 am[22m [33m[1m[vite][22m[39m [33m[2m(client)[22m[39m [2m[console.warn] [22mYouTube quota/rate limit on key #1.
[2m11:46:31 am[22m [33m[1m[vite][22m[39m [33m[2m(client)[22m[39m [2m[console.warn] [22mSwitching to YouTube key #2.
[2m11:46:31 am[22m [33m[1m[vite][22m[39m [33m[2m(client)[22m[39m [2m[console.warn] [22mYouTube quota/rate limit on key #1.
[2m11:46:31 am[22m [33m[1m[vite][22m[39m [33m[2m(client)[22m[39m [2m[console.warn] [22mSwitching to YouTube key #2.
[2m11:46:31 am[22m [33m[1m[vite][22m[39m [33m[2m(client)[22m[39m [2m[console.warn] [22mYouTube quota/rate limit on key #1.
[2m11:46:31 am[22m [33m[1m[vite][22m[39m [33m[2m(client)[22m[39m [2m[console.warn] [22mSwitching to YouTube key #2.
[2m11:46:31 am[22m [33m[1m[vite][22m[39m [33m[2m(client)[22m[39m [2m[console.warn] [22mYouTube quota/rate limit on key #1.
[2m11:46:31 am[22m [33m[1m[vite][22m[39m [33m[2m(client)[22m[39m [2m[console.warn] [22mSwitching to YouTube key #2.
[2m11:46:31 am[22m [33m[1m[vite][22m[39m [33m[2m(client)[22m[39m [2m[console.warn] [22mYouTube quota/rate limit on key #1.
[2m11:46:31 am[22m [33m[1m[vite][22m[39m [33m[2m(client)[22m[39m [2m[console.warn] [22mSwitching to YouTube key #2.
[2m11:46:31 am[22m [33m[1m[vite][22m[39m [33m[2m(client)[22m[39m [2m[console.warn] [22mYouTube quota/rate limit on key #1.
[2m11:46:31 am[22m [33m[1m[vite][22m[39m [33m[2m(client)[22m[39m [2m[console.warn] [22mSwitching to YouTube key #2.
[2m11:52:16 am[22m [33m[1m[vite][22m[39m [33m[2m(client)[22m[39m [2m[console.warn] [22mYouTube quota/rate limit on key #1.
[2m11:52:16 am[22m [33m[1m[vite][22m[39m [33m[2m(client)[22m[39m [2m[console.warn] [22mSwitching to YouTube key #2.
[2m11:52:16 am[22m [33m[1m[vite][22m[39m [33m[2m(client)[22m[39m [2m[console.warn] [22mYouTube quota/rate limit on key #1.
[2m11:52:16 am[22m [33m[1m[vite][22m[39m [33m[2m(client)[22m[39m [2m[console.warn] [22mSwitching to YouTube key #2.
[2m11:52:16 am[22m [33m[1m[vite][22m[39m [33m[2m(client)[22m[39m [2m[console.warn] [22mYouTube quota/rate limit on key #1.
[2m11:52:16 am[22m [33m[1m[vite][22m[39m [33m[2m(client)[22m[39m [2m[console.warn] [22mSwitching to YouTube key #2.
[2m11:52:16 am[22m [33m[1m[vite][22m[39m [33m[2m(client)[22m[39m [2m[console.warn] [22mYouTube quota/rate limit on key #1.
[2m11:52:16 am[22m [33m[1m[vite][22m[39m [33m[2m(client)[22m[39m [2m[console.warn] [22mSwitching to YouTube key #2.
[2m11:52:16 am[22m [33m[1m[vite][22m[39m [33m[2m(client)[22m[39m [2m[console.warn] [22mYouTube quota/rate limit on key #1.
[2m11:52:16 am[22m [33m[1m[vite][22m[39m [33m[2m(client)[22m[39m [2m[console.warn] [22mSwitching to YouTube key #2.
[2m11:52:16 am[22m [33m[1m[vite][22m[39m [33m[2m(client)[22m[39m [2m[console.warn] [22mYouTube quota/rate limit on key #1.
[2m11:52:16 am[22m [33m[1m[vite][22m[39m [33m[2m(client)[22m[39m [2m[console.warn] [22mSwitching to YouTube key #2.
[2m11:52:16 am[22m [33m[1m[vite][22m[39m [33m[2m(client)[22m[39m [2m[console.warn] [22mYouTube quota/rate limit on key #1.
[2m11:52:16 am[22m [33m[1m[vite][22m[39m [33m[2m(client)[22m[39m [2m[console.warn] [22mSwitching to YouTube key #2.
[2m11:52:16 am[22m [33m[1m[vite][22m[39m [33m[2m(client)[22m[39m [2m[console.warn] [22mYouTube quota/rate limit on key #1.
[2m11:52:16 am[22m [33m[1m[vite][22m[39m [33m[2m(client)[22m[39m [2m[console.warn] [22mSwitching to YouTube key #2.
[2m11:52:16 am[22m [33m[1m[vite][22m[39m [33m[2m(client)[22m[39m [2m[console.warn] [22mYouTube quota/rate limit on key #1.
[2m11:52:16 am[22m [33m[1m[vite][22m[39m [33m[2m(client)[22m[39m [2m[console.warn] [22mSwitching to YouTube key #2.
[2m11:52:17 am[22m [33m[1m[vite][22m[39m [33m[2m(client)[22m[39m [2m[console.warn] [22mYouTube quota/rate limit on key #1.
[2m11:52:17 am[22m [33m[1m[vite][22m[39m [33m[2m(client)[22m[39m [2m[console.warn] [22mSwitching to YouTube key #2.
[2m11:52:17 am[22m [33m[1m[vite][22m[39m [33m[2m(client)[22m[39m [2m[console.warn] [22mYouTube quota/rate limit on key #1.
[2m11:52:17 am[22m [33m[1m[vite][22m[39m [33m[2m(client)[22m[39m [2m[console.warn] [22mSwitching to YouTube key #2.
[2m11:52:17 am[22m [33m[1m[vite][22m[39m [33m[2m(client)[22m[39m [2m[console.warn] [22mYouTube quota/rate limit on key #1.
[2m11:52:17 am[22m [33m[1m[vite][22m[39m [33m[2m(client)[22m[39m [2m[console.warn] [22mSwitching to YouTube key #2.
[2m11:52:17 am[22m [33m[1m[vite][22m[39m [33m[2m(client)[22m[39m [2m[console.warn] [22mYouTube quota/rate limit on key #1.
[2m11:52:17 am[22m [33m[1m[vite][22m[39m [33m[2m(client)[22m[39m [2m[console.warn] [22mSwitching to YouTube key #2.
[2m11:52:17 am[22m [33m[1m[vite][22m[39m [33m[2m(client)[22m[39m [2m[console.warn] [22mYouTube quota/rate limit on key #1.
[2m11:52:17 am[22m [33m[1m[vite][22m[39m [33m[2m(client)[22m[39m [2m[console.warn] [22mSwitching to YouTube key #2.
[2m11:52:17 am[22m [33m[1m[vite][22m[39m [33m[2m(client)[22m[39m [2m[console.warn] [22mYouTube quota/rate limit on key #1.
[2m11:52:17 am[22m [33m[1m[vite][22m[39m [33m[2m(client)[22m[39m [2m[console.warn] [22mSwitching to YouTube key #2.
[2m11:52:17 am[22m [33m[1m[vite][22m[39m [33m[2m(client)[22m[39m [2m[console.warn] [22mYouTube quota/rate limit on key #1.
[2m11:52:17 am[22m [33m[1m[vite][22m[39m [33m[2m(client)[22m[39m [2m[console.warn] [22mSwitching to YouTube key #2.
[2m11:53:28 am[22m [31m[1m[vite][22m[39m [31mInternal server error: Transform failed with 1 error:

[31m[PARSE_ERROR] [0mUnexpected token
     [38;5;246m╭[0m[38;5;246m─[0m[38;5;246m[[0m src/pages/LearningPlanPage.tsx:273:9 [38;5;246m][0m
     [38;5;246m│[0m
 [38;5;246m273 │[0m [38;5;249m [0m[38;5;249m [0m[38;5;249m [0m[38;5;249m [0m[38;5;249m [0m[38;5;249m [0m[38;5;249m [0m[38;5;249m [0m...[38;5;249mp[0m[38;5;249mh[0m[38;5;249ma[0m[38;5;249ms[0m[38;5;249me[0m[38;5;249m.[0m[38;5;249mm[0m[38;5;249mi[0m[38;5;249ml[0m[38;5;249me[0m[38;5;249ms[0m[38;5;249mt[0m[38;5;249mo[0m[38;5;249mn[0m[38;5;249me[0m[38;5;249ms[0m[38;5;249m,[0m
 [38;5;240m    │[0m         ─┬─  
 [38;5;240m    │[0m          ╰─── 
[38;5;246m─────╯[0m
[39m
  Plugin: [35mvite:oxc[39m
  File: [36mD:/agentic/AI-Learning-Agent/frontend/src/pages/LearningPlanPage.tsx[39m
      at transformWithOxc (file:///D:/agentic/AI-Learning-Agent/frontend/node_modules/vite/dist/node/chunks/node.js:4033:19)
      at TransformPluginContext.transform (file:///D:/agentic/AI-Learning-Agent/frontend/node_modules/vite/dist/node/chunks/node.js:4104:26)
      at EnvironmentPluginContainer.transform (file:///D:/agentic/AI-Learning-Agent/frontend/node_modules/vite/dist/node/chunks/node.js:30201:51)
      at async loadAndTransform (file:///D:/agentic/AI-Learning-Agent/frontend/node_modules/vite/dist/node/chunks/node.js:20124:26)
      at async viteTransformMiddleware (file:///D:/agentic/AI-Learning-Agent/frontend/node_modules/vite/dist/node/chunks/node.js:24604:20)
[2m11:53:28 am[22m [31m[1m[vite][22m[39m [31m[2m(client)[22m[39m [2m[console.error] [22m[vite] Failed to reload /src/pages/LearningPlanPage.tsx. This could be due to syntax errors or importing non-existent modules. (see errors above)
[31mError: listen EACCES: permission denied 127.0.0.1:5173[39m
[31mError: listen EACCES: permission denied 127.0.0.1:5173[39m
